MSBuild version 17.14.40+3e7442088 for .NET Framework
Build started 9-4-2026 16:59:59.

     1>Project "C:\csharp\cursor_com_test\ATLProjectcomserver.sln" on node 1 (default targets).
     1>ValidateSolutionConfiguration:
         Building solution configuration "Debug|x64".
     1>Project "C:\csharp\cursor_com_test\ATLProjectcomserver.sln" (1) is building "C:\csharp\cursor_com_test\ATLProjectcomserverLegacy\ATLProjectcomserver.vcxproj" (3) on node 2 (default targets).
     3>PrepareForBuild:
         Structured output is enabled. The formatting of compiler diagnostics will reflect the error hierarchy. See https://aka.ms/cpp/structured-output for more details.
       InitializeBuildStatus:
         Touching "x64\Debug\ATLProje.86BE8DF9.tlog\unsuccessfulbuild".
       Midl:
         All outputs are up-to-date.
       VcpkgTripletSelection:
         Using triplet "x64-windows" from "C:\current\jsoncpp\vcpkg\installed\x64-windows\"
         Using normalized configuration "Debug"
       ClCompile:
         All outputs are up-to-date.
         All outputs are up-to-date.
         All outputs are up-to-date.
         C:\Program Files\Microsoft Visual Studio\2022\Enterprise\VC\Tools\MSVC\14.44.35207\bin\HostX64\x64\CL.exe /c /I"C:\current\jsoncpp\vcpkg\installed\x64-windows\include" /ZI /JMC /nologo /W3 /WX- /diagnostics:column /sdl /Od /D _WINDOWS /D _DEBUG /D _USRDLL /D _WINDLL /D _UNICODE /D UNICODE /Gm- /EHsc /RTC1 /MDd /GS /Zc:wchar_t /Zc:forScope /Zc:inline /std:c++20 /Yu"pch.h" /Fp"x64\Debug\ATLProjectcomserver.pch" /Fo"x64\Debug\\" /Fd"x64\Debug\vc143.pdb" /external:W3 /Gd /TP /FC /errorReport:queue SharedValue.cpp SharedValueCallback.cpp DatasetProxy.cpp
         SharedValue.cpp
     3>C:\csharp\cursor_com_test\ATLProjectcomserverLegacy\ComErrorHelper.h(14,10): error C1083: Cannot open include file: 'SharedValueV2/include/Errors.hpp': No such file or directory [C:\csharp\cursor_com_test\ATLProjectcomserverLegacy\ATLProjectcomserver.vcxproj]
         (compiling source file '/SharedValue.cpp')
         
         SharedValueCallback.cpp
         DatasetProxy.cpp
     3>C:\csharp\cursor_com_test\ATLProjectcomserverLegacy\ComErrorHelper.h(14,10): error C1083: Cannot open include file: 'SharedValueV2/include/Errors.hpp': No such file or directory [C:\csharp\cursor_com_test\ATLProjectcomserverLegacy\ATLProjectcomserver.vcxproj]
         (compiling source file '/DatasetProxy.cpp')
         
         Generating Code...
     3>Done Building Project "C:\csharp\cursor_com_test\ATLProjectcomserverLegacy\ATLProjectcomserver.vcxproj" (default targets) -- FAILED.
     1>Done Building Project "C:\csharp\cursor_com_test\ATLProjectcomserver.sln" (default targets) -- FAILED.

Build FAILED.

       "C:\csharp\cursor_com_test\ATLProjectcomserver.sln" (default target) (1) ->
       "C:\csharp\cursor_com_test\ATLProjectcomserverLegacy\ATLProjectcomserver.vcxproj" (default target) (3) ->
       (ClCompile target) -> 
         C:\csharp\cursor_com_test\ATLProjectcomserverLegacy\ComErrorHelper.h(14,10): error C1083: Cannot open include file: 'SharedValueV2/include/Errors.hpp': No such file or directory [C:\csharp\cursor_com_test\ATLProjectcomserverLegacy\ATLProjectcomserver.vcxproj]
         C:\csharp\cursor_com_test\ATLProjectcomserverLegacy\ComErrorHelper.h(14,10): error C1083: Cannot open include file: 'SharedValueV2/include/Errors.hpp': No such file or directory [C:\csharp\cursor_com_test\ATLProjectcomserverLegacy\ATLProjectcomserver.vcxproj]

    0 Warning(s)
    2 Error(s)

Time Elapsed 00:00:00.35
